******************************************************************************
                  TI ARM Linker PC v20.2.7                     
******************************************************************************
>> Linked Wed Jun  7 21:32:25 2023

OUTPUT FILE NAME:   <NOKIA_5110_EXTENDED.out>
ENTRY POINT SYMBOL: "_c_int00_noargs"  address: 00005b3d


MEMORY CONFIGURATION

         name            origin    length      used     unused   attr    fill
----------------------  --------  ---------  --------  --------  ----  --------
  FLASH                 00000000   00040000  00006be9  00039417  R  X
  SRAM                  20000000   00008000  00000853  000077ad  RW X


SEGMENT ALLOCATION MAP

run origin  load origin   length   init length attrs members
----------  ----------- ---------- ----------- ----- -------
00000000    00000000    00006bf0   00006bf0    r-x
  00000000    00000000    0000026c   0000026c    r-- .intvecs
  0000026c    0000026c    00005a0c   00005a0c    r-x .text
  00005c78    00005c78    00000e21   00000e21    r-- .const
  00006aa0    00006aa0    00000150   00000150    r-- .cinit
20000000    20000000    00000858   00000000    rw-
  20000000    20000000    0000045b   00000000    rw- .data
  20000460    20000460    00000200   00000000    rw- .stack
  20000660    20000660    000001f8   00000000    rw- .bss


SECTION ALLOCATION MAP

 output                                  attributes/
section   page    origin      length       input sections
--------  ----  ----------  ----------   ----------------
.intvecs   0    00000000    0000026c     
                  00000000    0000026c     tm4c123gh6pm_startup_ccs.obj (.intvecs)

.text      0    0000026c    00005a0c     
                  0000026c    000034f2     Nokia5110.obj (.text)
                  0000375e    00000002     rtsv7M4_T_le_v4SPD16_eabi.lib : div0.asm.obj (.text)
                  00003760    00000a4e                                   : _printfi.c.obj (.text:__TI_printfi)
                  000041ae    00000002     --HOLE-- [fill = 0]
                  000041b0    0000039c     TivaES.obj (.text)
                  0000454c    00000270     rtsv7M4_T_le_v4SPD16_eabi.lib : _printfi.c.obj (.text:_pconv_a)
                  000047bc    000001fc     main.obj (.text)
                  000049b8    000001d0     rtsv7M4_T_le_v4SPD16_eabi.lib : _printfi.c.obj (.text:_pconv_g)
                  00004b88    000001b6                                   : fd_add_t2.asm.obj (.text)
                  00004d3e    00000002     --HOLE-- [fill = 0]
                  00004d40    0000013c                                   : _printfi.c.obj (.text:_pconv_e)
                  00004e7c    00000136                                   : fd_div_t2.asm.obj (.text)
                  00004fb2    00000002     --HOLE-- [fill = 0]
                  00004fb4    00000128     POT.obj (.text)
                  000050dc    00000124     rtsv7M4_T_le_v4SPD16_eabi.lib : _printfi.c.obj (.text:fcvt)
                  00005200    00000110                                   : s_scalbn.c.obj (.text:scalbn)
                  00005310    000000fc                                   : fd_mul_t2.asm.obj (.text)
                  0000540c    000000b1                                   : _printfi.c.obj (.text:_ltostr)
                  000054bd    00000001     --HOLE-- [fill = 0]
                  000054be    0000009c                                   : memcpy_t2.asm.obj (.text)
                  0000555a    00000096                                   : ull_div_t2.asm.obj (.text)
                  000055f0    00000086                                   : fd_cmp_t2.asm.obj (.text:__aeabi_cdcmple)
                  00005676    00000086                                   : fd_cmp_t2.asm.obj (.text:__aeabi_cdrcmple)
                  000056fc    0000007a                                   : memset_t2.asm.obj (.text)
                  00005776    0000006e                                   : _printfi.c.obj (.text:_mcpy)
                  000057e4    00000068                                   : copy_decompress_lzss.c.obj (.text:decompress:lzss:__TI_decompress_lzss)
                  0000584c    00000064                                   : s_frexp.c.obj (.text:frexp)
                  000058b0    00000056                                   : _printfi.c.obj (.text:_pconv_f)
                  00005906    00000054                                   : _ltoa.c.obj (.text:__TI_ltoa)
                  0000595a    00000052                                   : _printfi.c.obj (.text:_ecpy)
                  000059ac    0000004c                                   : atoi.c.obj (.text:atoi)
                  000059f8    00000048                                   : fd_toi_t2.asm.obj (.text)
                  00005a40    00000044                                   : autoinit.c.obj (.text:__TI_auto_init_nobinit_nopinit:__TI_auto_init_nobinit_nopinit)
                  00005a84    00000040                                   : sprintf.c.obj (.text:sprintf)
                  00005ac4    0000003e                                   : _printfi.c.obj (.text:_fcpy)
                  00005b02    00000038                                   : fs_tod_t2.asm.obj (.text)
                  00005b3a    00000002     --HOLE-- [fill = 0]
                  00005b3c    00000034                                   : boot_cortex_m.c.obj (.text:_c_int00_noargs:_c_int00_noargs)
                  00005b70    0000002e                                   : i_tofd_t2.asm.obj (.text)
                  00005b9e    0000001c                                   : copy_zero_init.c.obj (.text:decompress:ZI:__TI_zero_init_nomemset:__TI_zero_init_nomemset)
                  00005bba    0000001c                                   : memccpy.c.obj (.text:memccpy)
                  00005bd6    0000001a                                   : s_copysign.c.obj (.text:copysign)
                  00005bf0    00000018                                   : sprintf.c.obj (.text:_outs)
                  00005c08    00000016                                   : strchr.c.obj (.text:strchr)
                  00005c1e    00000014                                   : strlen.c.obj (.text:strlen)
                  00005c32    00000012                                   : wcslen.c.obj (.text:wcslen)
                  00005c44    0000000e                                   : copy_decompress_none.c.obj (.text:decompress:none:__TI_decompress_none)
                  00005c52    0000000c     tm4c123gh6pm_startup_ccs.obj (.text)
                  00005c5e    0000000a     rtsv7M4_T_le_v4SPD16_eabi.lib : sprintf.c.obj (.text:_outc)
                  00005c68    00000008                                   : errno.c.obj (.text:__aeabi_errno_addr)
                  00005c70    00000004                                   : pre_init.c.obj (.text:_system_pre_init)
                  00005c74    00000004                                   : exit.c.obj (.text:abort:abort)

.const     0    00005c78    00000e21     
                  00005c78    00000840     Nokia5110.obj (.const:Terminal11x16)
                  000064b8    000001e0     Nokia5110.obj (.const:ASCII)
                  00006698    000001e0     Nokia5110.obj (.const:Terminal6x8)
                  00006878    00000120     Nokia5110.obj (.const:Terminal3x5)
                  00006998    00000101     rtsv7M4_T_le_v4SPD16_eabi.lib : ctype.c.obj (.const:.string:_ctypes_)

.cinit     0    00006aa0    00000150     
                  00006aa0    0000012b     (.cinit..data.load) [load image, compression = lzss]
                  00006bcb    00000001     --HOLE-- [fill = 0]
                  00006bcc    0000000c     (__TI_handler_table)
                  00006bd8    00000008     (.cinit..bss.load) [load image, compression = zero_init]
                  00006be0    00000010     (__TI_cinit_table)

.init_array 
*          0    00000000    00000000     UNINITIALIZED

.data      0    20000000    0000045b     UNINITIALIZED
                  20000000    000001f8     main.obj (.data:gameover)
                  200001f8    000001f8     main.obj (.data:invaders_logo)
                  200003f0    00000018     main.obj (.data:lvl3)
                  20000408    00000017     main.obj (.data:lvl2)
                  2000041f    00000016     main.obj (.data:lvl1)
                  20000435    00000011     main.obj (.data:vidas)
                  20000446    00000007     main.obj (.data:enemigo)
                  2000044d    00000007     main.obj (.data:nave)
                  20000454    00000004     rtsv7M4_T_le_v4SPD16_eabi.lib : errno.c.obj (.data)
                  20000458    00000003     main.obj (.data:cursor)

.bss       0    20000660    000001f8     UNINITIALIZED
                  20000660    000001f8     (.common:Screen)

.stack     0    20000460    00000200     UNINITIALIZED
                  20000460    00000004     rtsv7M4_T_le_v4SPD16_eabi.lib : boot_cortex_m.c.obj (.stack)
                  20000464    000001fc     --HOLE--

__llvm_prf_cnts 
*          0    20000000    00000000     UNINITIALIZED

MODULE SUMMARY

       Module                         code    ro data   rw data
       ------                         ----    -------   -------
    ..\
       TivaES.obj                     924     0         0      
       POT.obj                        296     0         0      
    +--+------------------------------+-------+---------+---------+
       Total:                         1220    0         0      
                                                               
    .\
       Nokia5110.obj                  13554   3360      504    
       main.obj                       508     0         1111   
       tm4c123gh6pm_startup_ccs.obj   12      620       0      
    +--+------------------------------+-------+---------+---------+
       Total:                         14074   3980      1615   
                                                               
    C:\ti\ccs1230\ccs\tools\compiler\ti-cgt-arm_20.2.7.LTS\lib\rtsv7M4_T_le_v4SPD16_eabi.lib
       _printfi.c.obj                 4851    0         0      
       fd_add_t2.asm.obj              438     0         0      
       fd_div_t2.asm.obj              310     0         0      
       s_scalbn.c.obj                 272     0         0      
       fd_cmp_t2.asm.obj              268     0         0      
       ctype.c.obj                    0       257       0      
       fd_mul_t2.asm.obj              252     0         0      
       memcpy_t2.asm.obj              156     0         0      
       ull_div_t2.asm.obj             150     0         0      
       memset_t2.asm.obj              122     0         0      
       copy_decompress_lzss.c.obj     104     0         0      
       s_frexp.c.obj                  100     0         0      
       sprintf.c.obj                  98      0         0      
       _ltoa.c.obj                    84      0         0      
       atoi.c.obj                     76      0         0      
       fd_toi_t2.asm.obj              72      0         0      
       autoinit.c.obj                 68      0         0      
       fs_tod_t2.asm.obj              56      0         0      
       boot_cortex_m.c.obj            52      0         0      
       i_tofd_t2.asm.obj              46      0         0      
       copy_zero_init.c.obj           28      0         0      
       memccpy.c.obj                  28      0         0      
       s_copysign.c.obj               26      0         0      
       strchr.c.obj                   22      0         0      
       strlen.c.obj                   20      0         0      
       wcslen.c.obj                   18      0         0      
       copy_decompress_none.c.obj     14      0         0      
       errno.c.obj                    8       0         4      
       exit.c.obj                     4       0         0      
       pre_init.c.obj                 4       0         0      
       div0.asm.obj                   2       0         0      
    +--+------------------------------+-------+---------+---------+
       Total:                         7749    257       4      
                                                               
       Stack:                         0       0         512    
       Linker Generated:              0       335       0      
    +--+------------------------------+-------+---------+---------+
       Grand Total:                   23043   4572      2131   


LINKER GENERATED COPY TABLES

__TI_cinit_table @ 00006be0 records: 2, size/record: 8, table size: 16
	.data: load addr=00006aa0, load size=0000012b bytes, run addr=20000000, run size=0000045b bytes, compression=lzss
	.bss: load addr=00006bd8, load size=00000008 bytes, run addr=20000660, run size=000001f8 bytes, compression=zero_init


LINKER GENERATED HANDLER TABLE

__TI_handler_table @ 00006bcc records: 3, size/record: 4, table size: 12
	index: 0, handler: __TI_decompress_lzss
	index: 1, handler: __TI_decompress_none
	index: 2, handler: __TI_zero_init


GLOBAL SYMBOLS: SORTED ALPHABETICALLY BY Name 

address   name                          
-------   ----                          
00005c75  C$$EXIT                       
000034bb  Enemigo_mov                   
00003519  EyN_mov                       
0000335d  Nave_mov                      
000007d1  Nokia5110_Clear               
00000a2d  Nokia5110_ClearBuffer         
00000a57  Nokia5110_DisplayBuffer       
00000805  Nokia5110_DrawFullImage       
000002b9  Nokia5110_Init                
00000407  Nokia5110_OutChar             
00000455  Nokia5110_OutChar2            
000004c5  Nokia5110_OutString           
00000529  Nokia5110_OutUDec             
00000849  Nokia5110_PrintBMP            
00003281  Nokia5110_Runner              
00000707  Nokia5110_SetCursor           
0000074d  Nokia5110_SetCursorChar       
00003217  Nokia5110_TestFunctions       
00004fb5  POT_InicializaPD0             
0000505f  POT_LeePD0                    
00005c53  ResetISR                      
20000660  Screen                        
000042f1  TivaES_EsperaPresionarPulsador
00004321  TivaES_EsperaPulsador         
00004379  TivaES_EsperaPulsadores       
00004309  TivaES_EsperaSoltarPulsador   
000041e1  TivaES_Inicializa             
00004261  TivaES_LedColor               
00004283  TivaES_LedParpadeo            
000042c7  TivaES_LeePulsador            
00004411  TivaES_SolicitaNumero         
00004339  TivaES_SondeaPulsador         
20000660  __STACK_END                   
00000200  __STACK_SIZE                  
20000660  __STACK_TOP                   
00006be0  __TI_CINIT_Base               
00006bf0  __TI_CINIT_Limit              
00006bcc  __TI_Handler_Table_Base       
00006bd8  __TI_Handler_Table_Limit      
00005a41  __TI_auto_init_nobinit_nopinit
000057e5  __TI_decompress_lzss          
00005c45  __TI_decompress_none          
00005907  __TI_ltoa                     
ffffffff  __TI_pprof_out_hndl           
00003761  __TI_printfi                  
ffffffff  __TI_prof_data_size           
ffffffff  __TI_prof_data_start          
00000000  __TI_static_base__            
00005b9f  __TI_zero_init_nomemset       
000055f1  __aeabi_cdcmpeq               
000055f1  __aeabi_cdcmple               
00005677  __aeabi_cdrcmple              
000059f9  __aeabi_d2iz                  
00004b93  __aeabi_dadd                  
00004e7d  __aeabi_ddiv                  
00005311  __aeabi_dmul                  
00004b89  __aeabi_dsub                  
00005c69  __aeabi_errno_addr            
00005b03  __aeabi_f2d                   
00005b71  __aeabi_i2d                   
0000375f  __aeabi_idiv0                 
0000375f  __aeabi_ldiv0                 
000056fd  __aeabi_memclr                
000056fd  __aeabi_memclr4               
000056fd  __aeabi_memclr8               
000054bf  __aeabi_memcpy                
000054bf  __aeabi_memcpy4               
000054bf  __aeabi_memcpy8               
000056ff  __aeabi_memset                
000056ff  __aeabi_memset4               
000056ff  __aeabi_memset8               
0000555b  __aeabi_uldivmod              
ffffffff  __binit__                     
ffffffff  __c_args__                    
UNDEFED   __mpu_init                    
20000460  __stack                       
20000000  __start___llvm_prf_cnts       
20000000  __stop___llvm_prf_cnts        
00005b3d  _c_int00_noargs               
00006998  _ctypes_                      
UNDEFED   _system_post_cinit            
00005c71  _system_pre_init              
00005c75  abort                         
000059ad  atoi                          
ffffffff  binit                         
000027e5  clearBitmap                   
00000a61  clearBuffer                   
00002699  clearCircle                   
0000218d  clearCircleLines              
0000232f  clearCirclePoints             
000024a5  clearEllipse                  
000022ad  clearFilledCircle             
00001fc1  clearFilledEllipse            
0000143d  clearFilledRectangle          
000016f5  clearFilledRoundRectangle     
00000d07  clearHLine                    
0000107f  clearLine                     
00000b3f  clearPixel                    
00002671  clearRealCircle               
00002273  clearRealFilledCircle         
00001359  clearRectangle                
00001569  clearRoundRectangle           
00000dcf  clearVLine                    
00000abb  copyToScreen                  
00005bd7  copysign                      
00005bd7  copysignl                     
20000458  cursor                        
000028ed  drawBitmap                    
0000272d  drawByte                      
00001b2d  drawCircle                    
00001bb9  drawCircleLines               
00001a09  drawCirclePoints              
0000180d  drawEllipse                   
00001edd  drawFilledCircle              
00001ce9  drawFilledEllipse             
000013cd  drawFilledRectangle           
0000162f  drawFilledRoundRectangle      
00000c8d  drawHLine                     
00000e21  drawLine                      
000019d9  drawRealCircle                
00001eb5  drawRealFilledCircle          
000012e5  drawRectangle                 
000014a3  drawRoundRectangle            
00000d81  drawVLine                     
00001f5f  ellipseClearLines             
00002449  ellipseClearPoints            
00001c9f  ellipsePlotLines              
000017bb  ellipsePlotPoints             
20000446  enemigo                       
20000454  errno                         
00000a8b  fillBuffer                    
0000584d  frexp                         
0000584d  frexpl                        
00000000  g_pfnVectors                  
20000000  gameover                      
200001f8  invaders_logo                 
00000c0d  invertPixel                   
00005201  ldexp                         
00005201  ldexpl                        
2000041f  lvl1                          
20000408  lvl2                          
200003f0  lvl3                          
000047bd  main                          
00005bbb  memccpy                       
000054bf  memcpy                        
00005705  memset                        
2000044d  nave                          
00000b9d  readPixel                     
00005201  scalbn                        
00005201  scalbnl                       
000003d3  setContrast                   
00000ae5  setPixel                      
00005a85  sprintf                       
00005c09  strchr                        
00005c1f  strlen                        
00002961  text                          
20000435  vidas                         
00005c33  wcslen                        


GLOBAL SYMBOLS: SORTED BY Symbol Address 

address   name                          
-------   ----                          
00000000  __TI_static_base__            
00000000  g_pfnVectors                  
00000200  __STACK_SIZE                  
000002b9  Nokia5110_Init                
000003d3  setContrast                   
00000407  Nokia5110_OutChar             
00000455  Nokia5110_OutChar2            
000004c5  Nokia5110_OutString           
00000529  Nokia5110_OutUDec             
00000707  Nokia5110_SetCursor           
0000074d  Nokia5110_SetCursorChar       
000007d1  Nokia5110_Clear               
00000805  Nokia5110_DrawFullImage       
00000849  Nokia5110_PrintBMP            
00000a2d  Nokia5110_ClearBuffer         
00000a57  Nokia5110_DisplayBuffer       
00000a61  clearBuffer                   
00000a8b  fillBuffer                    
00000abb  copyToScreen                  
00000ae5  setPixel                      
00000b3f  clearPixel                    
00000b9d  readPixel                     
00000c0d  invertPixel                   
00000c8d  drawHLine                     
00000d07  clearHLine                    
00000d81  drawVLine                     
00000dcf  clearVLine                    
00000e21  drawLine                      
0000107f  clearLine                     
000012e5  drawRectangle                 
00001359  clearRectangle                
000013cd  drawFilledRectangle           
0000143d  clearFilledRectangle          
000014a3  drawRoundRectangle            
00001569  clearRoundRectangle           
0000162f  drawFilledRoundRectangle      
000016f5  clearFilledRoundRectangle     
000017bb  ellipsePlotPoints             
0000180d  drawEllipse                   
000019d9  drawRealCircle                
00001a09  drawCirclePoints              
00001b2d  drawCircle                    
00001bb9  drawCircleLines               
00001c9f  ellipsePlotLines              
00001ce9  drawFilledEllipse             
00001eb5  drawRealFilledCircle          
00001edd  drawFilledCircle              
00001f5f  ellipseClearLines             
00001fc1  clearFilledEllipse            
0000218d  clearCircleLines              
00002273  clearRealFilledCircle         
000022ad  clearFilledCircle             
0000232f  clearCirclePoints             
00002449  ellipseClearPoints            
000024a5  clearEllipse                  
00002671  clearRealCircle               
00002699  clearCircle                   
0000272d  drawByte                      
000027e5  clearBitmap                   
000028ed  drawBitmap                    
00002961  text                          
00003217  Nokia5110_TestFunctions       
00003281  Nokia5110_Runner              
0000335d  Nave_mov                      
000034bb  Enemigo_mov                   
00003519  EyN_mov                       
0000375f  __aeabi_idiv0                 
0000375f  __aeabi_ldiv0                 
00003761  __TI_printfi                  
000041e1  TivaES_Inicializa             
00004261  TivaES_LedColor               
00004283  TivaES_LedParpadeo            
000042c7  TivaES_LeePulsador            
000042f1  TivaES_EsperaPresionarPulsador
00004309  TivaES_EsperaSoltarPulsador   
00004321  TivaES_EsperaPulsador         
00004339  TivaES_SondeaPulsador         
00004379  TivaES_EsperaPulsadores       
00004411  TivaES_SolicitaNumero         
000047bd  main                          
00004b89  __aeabi_dsub                  
00004b93  __aeabi_dadd                  
00004e7d  __aeabi_ddiv                  
00004fb5  POT_InicializaPD0             
0000505f  POT_LeePD0                    
00005201  ldexp                         
00005201  ldexpl                        
00005201  scalbn                        
00005201  scalbnl                       
00005311  __aeabi_dmul                  
000054bf  __aeabi_memcpy                
000054bf  __aeabi_memcpy4               
000054bf  __aeabi_memcpy8               
000054bf  memcpy                        
0000555b  __aeabi_uldivmod              
000055f1  __aeabi_cdcmpeq               
000055f1  __aeabi_cdcmple               
00005677  __aeabi_cdrcmple              
000056fd  __aeabi_memclr                
000056fd  __aeabi_memclr4               
000056fd  __aeabi_memclr8               
000056ff  __aeabi_memset                
000056ff  __aeabi_memset4               
000056ff  __aeabi_memset8               
00005705  memset                        
000057e5  __TI_decompress_lzss          
0000584d  frexp                         
0000584d  frexpl                        
00005907  __TI_ltoa                     
000059ad  atoi                          
000059f9  __aeabi_d2iz                  
00005a41  __TI_auto_init_nobinit_nopinit
00005a85  sprintf                       
00005b03  __aeabi_f2d                   
00005b3d  _c_int00_noargs               
00005b71  __aeabi_i2d                   
00005b9f  __TI_zero_init_nomemset       
00005bbb  memccpy                       
00005bd7  copysign                      
00005bd7  copysignl                     
00005c09  strchr                        
00005c1f  strlen                        
00005c33  wcslen                        
00005c45  __TI_decompress_none          
00005c53  ResetISR                      
00005c69  __aeabi_errno_addr            
00005c71  _system_pre_init              
00005c75  C$$EXIT                       
00005c75  abort                         
00006998  _ctypes_                      
00006bcc  __TI_Handler_Table_Base       
00006bd8  __TI_Handler_Table_Limit      
00006be0  __TI_CINIT_Base               
00006bf0  __TI_CINIT_Limit              
20000000  __start___llvm_prf_cnts       
20000000  __stop___llvm_prf_cnts        
20000000  gameover                      
200001f8  invaders_logo                 
200003f0  lvl3                          
20000408  lvl2                          
2000041f  lvl1                          
20000435  vidas                         
20000446  enemigo                       
2000044d  nave                          
20000454  errno                         
20000458  cursor                        
20000460  __stack                       
20000660  Screen                        
20000660  __STACK_END                   
20000660  __STACK_TOP                   
ffffffff  __TI_pprof_out_hndl           
ffffffff  __TI_prof_data_size           
ffffffff  __TI_prof_data_start          
ffffffff  __binit__                     
ffffffff  __c_args__                    
ffffffff  binit                         
UNDEFED   __mpu_init                    
UNDEFED   _system_post_cinit            

[158 symbols]
